// Vitest Snapshot v1, https://vitest.dev/guide/snapshot.html

exports[`Test Question.vue > mount component 1`] = `
"<div data-v-5ab2d74e=\\"\\" class=\\"question\\">
  <div data-v-5ab2d74e=\\"\\" class=\\"header-question\\">
    <div data-v-5ab2d74e=\\"\\" class=\\"icon-help\\"><span data-v-5ab2d74e=\\"\\" aria-hidden=\\"true\\" class=\\"material-design-icon help-icon\\" role=\\"img\\"><svg fill=\\"currentColor\\" class=\\"material-design-icon__svg\\" width=\\"40\\" height=\\"40\\" viewBox=\\"0 0 24 24\\"><path d=\\"M10,19H13V22H10V19M12,2C17.35,2.22 19.68,7.62 16.5,11.67C15.67,12.67 14.33,13.33 13.67,14.17C13,15 13,16 13,17H10C10,15.33 10,13.92 10.67,12.92C11.33,11.92 12.67,11.33 13.5,10.67C15.92,8.43 15.32,5.26 12,5A3,3 0 0,0 9,8H6A6,6 0 0,1 12,2Z\\"><!--v-if--></path></svg></span></div>
    <p data-v-5ab2d74e=\\"\\" class=\\"title\\">Question text</p>
    <p data-v-5ab2d74e=\\"\\" class=\\"beetcoins\\">(50) moedas</p>
  </div>
  <div data-v-5ab2d74e=\\"\\" class=\\"alternatives\\">
    <div data-v-58d5336b=\\"\\" data-v-5ab2d74e=\\"\\" class=\\"answer question-item item\\">
      <div data-v-58d5336b=\\"\\">Alternative one.</div>
      <div data-v-58d5336b=\\"\\">
        <!--v-if-->
      </div>
    </div>
    <div data-v-58d5336b=\\"\\" data-v-5ab2d74e=\\"\\" class=\\"answer question-item item\\">
      <div data-v-58d5336b=\\"\\">alternative two.</div>
      <div data-v-58d5336b=\\"\\">
        <!--v-if-->
      </div>
    </div>
  </div>
</div>"
`;

exports[`Test Question.vue > test if when click in a alternative and set a correctAnswerId prop 1`] = `
"<div data-v-5ab2d74e=\\"\\" class=\\"question\\">
  <div data-v-5ab2d74e=\\"\\" class=\\"header-question\\">
    <div data-v-5ab2d74e=\\"\\" class=\\"icon-help\\"><span data-v-5ab2d74e=\\"\\" aria-hidden=\\"true\\" class=\\"material-design-icon help-icon\\" role=\\"img\\"><svg fill=\\"currentColor\\" class=\\"material-design-icon__svg\\" width=\\"40\\" height=\\"40\\" viewBox=\\"0 0 24 24\\"><path d=\\"M10,19H13V22H10V19M12,2C17.35,2.22 19.68,7.62 16.5,11.67C15.67,12.67 14.33,13.33 13.67,14.17C13,15 13,16 13,17H10C10,15.33 10,13.92 10.67,12.92C11.33,11.92 12.67,11.33 13.5,10.67C15.92,8.43 15.32,5.26 12,5A3,3 0 0,0 9,8H6A6,6 0 0,1 12,2Z\\"><!--v-if--></path></svg></span></div>
    <p data-v-5ab2d74e=\\"\\" class=\\"title\\">Question text</p>
    <p data-v-5ab2d74e=\\"\\" class=\\"beetcoins\\">(50) moedas</p>
  </div>
  <div data-v-5ab2d74e=\\"\\" class=\\"alternatives\\">
    <div data-v-58d5336b=\\"\\" data-v-5ab2d74e=\\"\\" class=\\"correct question-item item\\">
      <div data-v-58d5336b=\\"\\">Alternative one.</div>
      <div data-v-58d5336b=\\"\\"><span data-v-58d5336b=\\"\\" class=\\"correct-icon material-design-icon check-circle-icon correct-icon\\" aria-hidden=\\"true\\" role=\\"img\\"><svg fill=\\"#228B21\\" class=\\"material-design-icon__svg\\" width=\\"45\\" height=\\"45\\" viewBox=\\"0 0 24 24\\"><path d=\\"M12 2C6.5 2 2 6.5 2 12S6.5 22 12 22 22 17.5 22 12 17.5 2 12 2M10 17L5 12L6.41 10.59L10 14.17L17.59 6.58L19 8L10 17Z\\"><!--v-if--></path></svg></span></div>
    </div>
    <div data-v-58d5336b=\\"\\" data-v-5ab2d74e=\\"\\" class=\\"incorrect question-item item\\">
      <div data-v-58d5336b=\\"\\">alternative two.</div>
      <div data-v-58d5336b=\\"\\"><span data-v-58d5336b=\\"\\" aria-hidden=\\"true\\" class=\\"material-design-icon alpha-x-circle-icon\\" role=\\"img\\"><svg fill=\\"#FF0000\\" class=\\"material-design-icon__svg\\" width=\\"45\\" height=\\"45\\" viewBox=\\"0 0 24 24\\"><path d=\\"M9,7L11,12L9,17H11L12,14.5L13,17H15L13,12L15,7H13L12,9.5L11,7H9M12,2A10,10 0 0,1 22,12A10,10 0 0,1 12,22A10,10 0 0,1 2,12A10,10 0 0,1 12,2Z\\"><!--v-if--></path></svg></span></div>
    </div>
  </div>
</div>"
`;
